// Jest Snapshot v1, https://goo.gl/fbAQLP

exports[`should render ExpenseListItem correctly 1`] = `
<div>
  <Link
    replace={false}
    to="/edit/1"
  >
    <h3>
      Gun
    </h3>
  </Link>
  <p>
    195
     - 
    01-01-70
  </p>
</div>
`;
